.\.venv\Scripts\python.exe : C:\dev\cnperp-dimensions\scripts\phase4_integration_test.py:101: SAWarning: relationship 
'InventoryAdjustment.created_by_user' will copy column users.id to column inventory_adjustments.created_by, which conflicts with relationship(s): 
'User.created_inventory_adjustments' (copies users.id to inventory_adjustments.created_by). If this is not the intention, consider if these 
relationships should be linked with back_populates, or if viewonly=True should be applied to one or more if they are read-only. For the less 
common case that foreign key constraints are partially overlapping, the orm.foreign() annotation can be used to isolate the columns that should be 
written towards.   To silence this warning, add the parameter 'overlaps="created_inventory_adjustments"' to the 
'InventoryAdjustment.created_by_user' relationship. (Background on this warning at: https://sqlalche.me/e/20/qzyx) (This warning originated from 
the `configure_mappers()` process, which was invoked automatically in response to a user-initiated operation.)
At line:1 char:1
+ .\.venv\Scripts\python.exe scripts/phase4_integration_test.py 2>&1 >  ...
+ ~~~~~~~~~~~~~~~~~~~~~~~~~~~~~~~~~~~~~~~~~~~~~~~~~~~~~~~~~~~~~~~~~~~~~
    + CategoryInfo          : NotSpecified: (C:\dev\cnperp-d...ted operation.):String) [], RemoteException
    + FullyQualifiedErrorId : NativeCommandError
 
  branch = self.db.query(Branch).filter_by(name="Test Branch").first()
C:\dev\cnperp-dimensions\scripts\phase4_integration_test.py:101: SAWarning: relationship 'InventoryAdjustment.approved_by_user' will copy column 
users.id to column inventory_adjustments.approved_by, which conflicts with relationship(s): 'User.approved_inventory_adjustments' (copies users.id 
to inventory_adjustments.approved_by). If this is not the intention, consider if these relationships should be linked with back_populates, or if 
viewonly=True should be applied to one or more if they are read-only. For the less common case that foreign key constraints are partially 
overlapping, the orm.foreign() annotation can be used to isolate the columns that should be written towards.   To silence this warning, add the 
parameter 'overlaps="approved_inventory_adjustments"' to the 'InventoryAdjustment.approved_by_user' relationship. (Background on this warning at: 
https://sqlalche.me/e/20/qzyx) (This warning originated from the `configure_mappers()` process, which was invoked automatically in response to a 
user-initiated operation.)
  branch = self.db.query(Branch).filter_by(name="Test Branch").first()
C:\dev\cnperp-dimensions\scripts\phase4_integration_test.py:101: SAWarning: relationship 'Invoice.created_by_user' will copy column users.id to 
column invoices.created_by, which conflicts with relationship(s): 'User.created_invoices' (copies users.id to invoices.created_by). If this is not 
the intention, consider if these relationships should be linked with back_populates, or if viewonly=True should be applied to one or more if they 
are read-only. For the less common case that foreign key constraints are partially overlapping, the orm.foreign() annotation can be used to 
isolate the columns that should be written towards.   To silence this warning, add the parameter 'overlaps="created_invoices"' to the 
'Invoice.created_by_user' relationship. (Background on this warning at: https://sqlalche.me/e/20/qzyx) (This warning originated from the 
`configure_mappers()` process, which was invoked automatically in response to a user-initiated operation.)
  branch = self.db.query(Branch).filter_by(name="Test Branch").first()
C:\dev\cnperp-dimensions\scripts\phase4_integration_test.py:101: SAWarning: relationship 'Invoice.posted_by_user' will copy column users.id to 
column invoices.posted_by, which conflicts with relationship(s): 'User.posted_invoices' (copies users.id to invoices.posted_by). If this is not 
the intention, consider if these relationships should be linked with back_populates, or if viewonly=True should be applied to one or more if they 
are read-only. For the less common case that foreign key constraints are partially overlapping, the orm.foreign() annotation can be used to 
isolate the columns that should be written towards.   To silence this warning, add the parameter 'overlaps="posted_invoices"' to the 
'Invoice.posted_by_user' relationship. (Background on this warning at: https://sqlalche.me/e/20/qzyx) (This warning originated from the 
`configure_mappers()` process, which was invoked automatically in response to a user-initiated operation.)
  branch = self.db.query(Branch).filter_by(name="Test Branch").first()
C:\dev\cnperp-dimensions\scripts\phase4_integration_test.py:101: SAWarning: relationship 'Payment.created_by_user' will copy column users.id to 
column payments.created_by, which conflicts with relationship(s): 'User.created_payments' (copies users.id to payments.created_by). If this is not 
the intention, consider if these relationships should be linked with back_populates, or if viewonly=True should be applied to one or more if they 
are read-only. For the less common case that foreign key constraints are partially overlapping, the orm.foreign() annotation can be used to 
isolate the columns that should be written towards.   To silence this warning, add the parameter 'overlaps="created_payments"' to the 
'Payment.created_by_user' relationship. (Background on this warning at: https://sqlalche.me/e/20/qzyx) (This warning originated from the 
`configure_mappers()` process, which was invoked automatically in response to a user-initiated operation.)
  branch = self.db.query(Branch).filter_by(name="Test Branch").first()
C:\dev\cnperp-dimensions\scripts\phase4_integration_test.py:101: SAWarning: relationship 'Purchase.created_by_user' will copy column users.id to 
column purchases.created_by, which conflicts with relationship(s): 'User.created_purchases' (copies users.id to purchases.created_by). If this is 
not the intention, consider if these relationships should be linked with back_populates, or if viewonly=True should be applied to one or more if 
they are read-only. For the less common case that foreign key constraints are partially overlapping, the orm.foreign() annotation can be used to 
isolate the columns that should be written towards.   To silence this warning, add the parameter 'overlaps="created_purchases"' to the 
'Purchase.created_by_user' relationship. (Background on this warning at: https://sqlalche.me/e/20/qzyx) (This warning originated from the 
`configure_mappers()` process, which was invoked automatically in response to a user-initiated operation.)
  branch = self.db.query(Branch).filter_by(name="Test Branch").first()
C:\dev\cnperp-dimensions\scripts\phase4_integration_test.py:101: SAWarning: relationship 'Purchase.approved_by_user' will copy column users.id to 
column purchases.approved_by, which conflicts with relationship(s): 'User.approved_purchases' (copies users.id to purchases.approved_by). If this 
is not the intention, consider if these relationships should be linked with back_populates, or if viewonly=True should be applied to one or more 
if they are read-only. For the less common case that foreign key constraints are partially overlapping, the orm.foreign() annotation can be used 
to isolate the columns that should be written towards.   To silence this warning, add the parameter 'overlaps="approved_purchases"' to the 
'Purchase.approved_by_user' relationship. (Background on this warning at: https://sqlalche.me/e/20/qzyx) (This warning originated from the 
`configure_mappers()` process, which was invoked automatically in response to a user-initiated operation.)
  branch = self.db.query(Branch).filter_by(name="Test Branch").first()
C:\dev\cnperp-dimensions\scripts\phase4_integration_test.py:101: SAWarning: relationship 'PurchaseOrder.created_by_user' will copy column users.id 
to column purchase_orders.created_by, which conflicts with relationship(s): 'User.created_purchase_orders' (copies users.id to 
purchase_orders.created_by). If this is not the intention, consider if these relationships should be linked with back_populates, or if 
viewonly=True should be applied to one or more if they are read-only. For the less common case that foreign key constraints are partially 
overlapping, the orm.foreign() annotation can be used to isolate the columns that should be written towards.   To silence this warning, add the 
parameter 'overlaps="created_purchase_orders"' to the 'PurchaseOrder.created_by_user' relationship. (Background on this warning at: 
https://sqlalche.me/e/20/qzyx) (This warning originated from the `configure_mappers()` process, which was invoked automatically in response to a 
user-initiated operation.)
  branch = self.db.query(Branch).filter_by(name="Test Branch").first()
C:\dev\cnperp-dimensions\scripts\phase4_integration_test.py:101: SAWarning: relationship 'PurchaseOrder.approved_by_user' will copy column 
users.id to column purchase_orders.approved_by, which conflicts with relationship(s): 'User.approved_purchase_orders' (copies users.id to 
purchase_orders.approved_by). If this is not the intention, consider if these relationships should be linked with back_populates, or if 
viewonly=True should be applied to one or more if they are read-only. For the less common case that foreign key constraints are partially 
overlapping, the orm.foreign() annotation can be used to isolate the columns that should be written towards.   To silence this warning, add the 
parameter 'overlaps="approved_purchase_orders"' to the 'PurchaseOrder.approved_by_user' relationship. (Background on this warning at: 
https://sqlalche.me/e/20/qzyx) (This warning originated from the `configure_mappers()` process, which was invoked automatically in response to a 
user-initiated operation.)
  branch = self.db.query(Branch).filter_by(name="Test Branch").first()
[INFO] 
################################################################################
[INFO] # PHASE 4: BANKING INTEGRATION TEST SUITE
[INFO] # Started: 2025-10-24T06:54:53.827853
[INFO] ################################################################################
[INFO] 
================================================================================
[INFO] SETUP: Test Environment Initialization
[INFO] ================================================================================
2025-10-24 06:54:55,372 INFO sqlalchemy.engine.Engine select pg_catalog.version()
2025-10-24 06:54:55,372 INFO sqlalchemy.engine.Engine [raw sql] {}
2025-10-24 06:54:55,372 INFO sqlalchemy.engine.Engine select current_schema()
2025-10-24 06:54:55,377 INFO sqlalchemy.engine.Engine [raw sql] {}
2025-10-24 06:54:55,377 INFO sqlalchemy.engine.Engine show standard_conforming_strings
2025-10-24 06:54:55,377 INFO sqlalchemy.engine.Engine [raw sql] {}
2025-10-24 06:54:55,377 INFO sqlalchemy.engine.Engine BEGIN (implicit)
2025-10-24 06:54:55,382 INFO sqlalchemy.engine.Engine SELECT branches.id AS branches_id, branches.name AS branches_name, branches.code AS branches_code, branches.location AS branches_location, branches.phone AS branches_phone, branches.email AS branches_email, branches.address AS branches_address, branches.is_head_office AS branches_is_head_office, branches.manager_id AS branches_manager_id, branches.contact_person AS branches_contact_person, branches.fax AS branches_fax, branches.website AS branches_website, branches.timezone AS branches_timezone, branches.currency AS branches_currency, branches.active AS branches_active, branches.notes AS branches_notes, branches.vat_registration_number AS branches_vat_registration_number, branches.company_logo_url AS branches_company_logo_url, branches.created_at AS branches_created_at, branches.updated_at AS branches_updated_at 
FROM branches 
WHERE branches.name = %(name_1)s 
 LIMIT %(param_1)s
2025-10-24 06:54:55,382 INFO sqlalchemy.engine.Engine [generated in 0.00030s] {'name_1': 'Test Branch', 'param_1': 1}
2025-10-24 06:54:55,392 INFO sqlalchemy.engine.Engine SELECT accounting_codes.id AS accounting_codes_id, accounting_codes.code AS accounting_codes_code, accounting_codes.name AS accounting_codes_name, accounting_codes.account_type AS accounting_codes_account_type, accounting_codes.category AS accounting_codes_category, accounting_codes.parent_id AS accounting_codes_parent_id, accounting_codes.is_parent AS accounting_codes_is_parent, accounting_codes.total_debits AS accounting_codes_total_debits, accounting_codes.total_credits AS accounting_codes_total_credits, accounting_codes.balance AS accounting_codes_balance, accounting_codes.currency AS accounting_codes_currency, accounting_codes.reporting_tag AS accounting_codes_reporting_tag, accounting_codes.branch_id AS accounting_codes_branch_id, accounting_codes.created_at AS accounting_codes_created_at, accounting_codes.updated_at AS accounting_codes_updated_at 
FROM accounting_codes 
WHERE accounting_codes.code = %(code_1)s 
 LIMIT %(param_1)s
2025-10-24 06:54:55,392 INFO sqlalchemy.engine.Engine [generated in 0.00026s] {'code_1': '1010', 'param_1': 1}
2025-10-24 06:54:55,392 INFO sqlalchemy.engine.Engine SELECT accounting_codes.id AS accounting_codes_id, accounting_codes.code AS accounting_codes_code, accounting_codes.name AS accounting_codes_name, accounting_codes.account_type AS accounting_codes_account_type, accounting_codes.category AS accounting_codes_category, accounting_codes.parent_id AS accounting_codes_parent_id, accounting_codes.is_parent AS accounting_codes_is_parent, accounting_codes.total_debits AS accounting_codes_total_debits, accounting_codes.total_credits AS accounting_codes_total_credits, accounting_codes.balance AS accounting_codes_balance, accounting_codes.currency AS accounting_codes_currency, accounting_codes.reporting_tag AS accounting_codes_reporting_tag, accounting_codes.branch_id AS accounting_codes_branch_id, accounting_codes.created_at AS accounting_codes_created_at, accounting_codes.updated_at AS accounting_codes_updated_at 
FROM accounting_codes 
WHERE accounting_codes.code = %(code_1)s 
 LIMIT %(param_1)s
2025-10-24 06:54:55,392 INFO sqlalchemy.engine.Engine [cached since 0.003039s ago] {'code_1': '5010', 'param_1': 1}
2025-10-24 06:54:55,396 INFO sqlalchemy.engine.Engine SELECT accounting_dimensions.id AS accounting_dimensions_id, accounting_dimensions.code AS accounting_dimensions_code, accounting_dimensions.name AS accounting_dimensions_name, accounting_dimensions.description AS accounting_dimensions_description, accounting_dimensions.dimension_type AS accounting_dimensions_dimension_type, accounting_dimensions.scope AS accounting_dimensions_scope, accounting_dimensions.is_active AS accounting_dimensions_is_active, accounting_dimensions.is_required AS accounting_dimensions_is_required, accounting_dimensions.allow_multiple_values AS accounting_dimensions_allow_multiple_values, accounting_dimensions.supports_hierarchy AS accounting_dimensions_supports_hierarchy, accounting_dimensions.max_hierarchy_levels AS accounting_dimensions_max_hierarchy_levels, accounting_dimensions.display_order AS accounting_dimensions_display_order, accounting_dimensions.branch_id AS accounting_dimensions_branch_id, accounting_dimensions.created_at AS accounting_dimensions_created_at, accounting_dimensions.updated_at AS accounting_dimensions_updated_at 
FROM accounting_dimensions 
WHERE accounting_dimensions.name = %(name_1)s 
 LIMIT %(param_1)s
2025-10-24 06:54:55,396 INFO sqlalchemy.engine.Engine [generated in 0.00024s] {'name_1': 'Cost Center', 'param_1': 1}
2025-10-24 06:54:55,396 INFO sqlalchemy.engine.Engine SELECT accounting_dimensions.id AS accounting_dimensions_id, accounting_dimensions.code AS accounting_dimensions_code, accounting_dimensions.name AS accounting_dimensions_name, accounting_dimensions.description AS accounting_dimensions_description, accounting_dimensions.dimension_type AS accounting_dimensions_dimension_type, accounting_dimensions.scope AS accounting_dimensions_scope, accounting_dimensions.is_active AS accounting_dimensions_is_active, accounting_dimensions.is_required AS accounting_dimensions_is_required, accounting_dimensions.allow_multiple_values AS accounting_dimensions_allow_multiple_values, accounting_dimensions.supports_hierarchy AS accounting_dimensions_supports_hierarchy, accounting_dimensions.max_hierarchy_levels AS accounting_dimensions_max_hierarchy_levels, accounting_dimensions.display_order AS accounting_dimensions_display_order, accounting_dimensions.branch_id AS accounting_dimensions_branch_id, accounting_dimensions.created_at AS accounting_dimensions_created_at, accounting_dimensions.updated_at AS accounting_dimensions_updated_at 
FROM accounting_dimensions 
WHERE accounting_dimensions.name = %(name_1)s 
 LIMIT %(param_1)s
2025-10-24 06:54:55,396 INFO sqlalchemy.engine.Engine [cached since 0.002524s ago] {'name_1': 'Project', 'param_1': 1}
2025-10-24 06:54:55,402 INFO sqlalchemy.engine.Engine SELECT accounting_dimensions.id AS accounting_dimensions_id, accounting_dimensions.code AS accounting_dimensions_code, accounting_dimensions.name AS accounting_dimensions_name, accounting_dimensions.description AS accounting_dimensions_description, accounting_dimensions.dimension_type AS accounting_dimensions_dimension_type, accounting_dimensions.scope AS accounting_dimensions_scope, accounting_dimensions.is_active AS accounting_dimensions_is_active, accounting_dimensions.is_required AS accounting_dimensions_is_required, accounting_dimensions.allow_multiple_values AS accounting_dimensions_allow_multiple_values, accounting_dimensions.supports_hierarchy AS accounting_dimensions_supports_hierarchy, accounting_dimensions.max_hierarchy_levels AS accounting_dimensions_max_hierarchy_levels, accounting_dimensions.display_order AS accounting_dimensions_display_order, accounting_dimensions.branch_id AS accounting_dimensions_branch_id, accounting_dimensions.created_at AS accounting_dimensions_created_at, accounting_dimensions.updated_at AS accounting_dimensions_updated_at 
FROM accounting_dimensions 
WHERE accounting_dimensions.name = %(name_1)s 
 LIMIT %(param_1)s
2025-10-24 06:54:55,402 INFO sqlalchemy.engine.Engine [cached since 0.004466s ago] {'name_1': 'Department', 'param_1': 1}
2025-10-24 06:54:55,402 INFO sqlalchemy.engine.Engine COMMIT
2025-10-24 06:54:55,408 INFO sqlalchemy.engine.Engine BEGIN (implicit)
2025-10-24 06:54:55,408 INFO sqlalchemy.engine.Engine SELECT accounting_dimensions.id AS accounting_dimensions_id, accounting_dimensions.code AS accounting_dimensions_code, accounting_dimensions.name AS accounting_dimensions_name, accounting_dimensions.description AS accounting_dimensions_description, accounting_dimensions.dimension_type AS accounting_dimensions_dimension_type, accounting_dimensions.scope AS accounting_dimensions_scope, accounting_dimensions.is_active AS accounting_dimensions_is_active, accounting_dimensions.is_required AS accounting_dimensions_is_required, accounting_dimensions.allow_multiple_values AS accounting_dimensions_allow_multiple_values, accounting_dimensions.supports_hierarchy AS accounting_dimensions_supports_hierarchy, accounting_dimensions.max_hierarchy_levels AS accounting_dimensions_max_hierarchy_levels, accounting_dimensions.display_order AS accounting_dimensions_display_order, accounting_dimensions.branch_id AS accounting_dimensions_branch_id, accounting_dimensions.created_at AS accounting_dimensions_created_at, accounting_dimensions.updated_at AS accounting_dimensions_updated_at 
FROM accounting_dimensions 
WHERE accounting_dimensions.id = %(pk_1)s
2025-10-24 06:54:55,408 INFO sqlalchemy.engine.Engine [generated in 0.00022s] {'pk_1': '64fac22b-d539-4158-8ccf-96cfcd449e00'}
[ERROR] Setup failed: Entity namespace for "accounting_dimension_values" has no property "value"
2025-10-24 06:54:55,413 INFO sqlalchemy.engine.Engine ROLLBACK
[WARN] Setup completed with issues
[INFO] 
================================================================================
[INFO] TEST 1: Create Bank Accounts with Dimensions
[INFO] ================================================================================
2025-10-24 06:54:55,413 INFO sqlalchemy.engine.Engine BEGIN (implicit)
2025-10-24 06:54:55,413 INFO sqlalchemy.engine.Engine SELECT accounting_codes.id AS accounting_codes_id, accounting_codes.code AS accounting_codes_code, accounting_codes.name AS accounting_codes_name, accounting_codes.account_type AS accounting_codes_account_type, accounting_codes.category AS accounting_codes_category, accounting_codes.parent_id AS accounting_codes_parent_id, accounting_codes.is_parent AS accounting_codes_is_parent, accounting_codes.total_debits AS accounting_codes_total_debits, accounting_codes.total_credits AS accounting_codes_total_credits, accounting_codes.balance AS accounting_codes_balance, accounting_codes.currency AS accounting_codes_currency, accounting_codes.reporting_tag AS accounting_codes_reporting_tag, accounting_codes.branch_id AS accounting_codes_branch_id, accounting_codes.created_at AS accounting_codes_created_at, accounting_codes.updated_at AS accounting_codes_updated_at 
FROM accounting_codes 
WHERE accounting_codes.id = %(pk_1)s
2025-10-24 06:54:55,413 INFO sqlalchemy.engine.Engine [generated in 0.00024s] {'pk_1': 'cbd2cbad-c5a2-4615-aa44-eda12668c3fa'}
2025-10-24 06:54:55,413 INFO sqlalchemy.engine.Engine SELECT branches.id AS branches_id, branches.name AS branches_name, branches.code AS branches_code, branches.location AS branches_location, branches.phone AS branches_phone, branches.email AS branches_email, branches.address AS branches_address, branches.is_head_office AS branches_is_head_office, branches.manager_id AS branches_manager_id, branches.contact_person AS branches_contact_person, branches.fax AS branches_fax, branches.website AS branches_website, branches.timezone AS branches_timezone, branches.currency AS branches_currency, branches.active AS branches_active, branches.notes AS branches_notes, branches.vat_registration_number AS branches_vat_registration_number, branches.company_logo_url AS branches_company_logo_url, branches.created_at AS branches_created_at, branches.updated_at AS branches_updated_at 
FROM branches 
WHERE branches.id = %(pk_1)s
2025-10-24 06:54:55,413 INFO sqlalchemy.engine.Engine [generated in 0.00024s] {'pk_1': '4c142b60-9b31-4681-8508-de78a6405c85'}
[INFO] Created bank account: Operating Account
[INFO] Created bank account: Savings Account
2025-10-24 06:54:55,422 INFO sqlalchemy.engine.Engine INSERT INTO bank_accounts (id, name, institution, account_number, currency, account_type, balance, accounting_code_id, branch_id, created_at, updated_at) VALUES (%(id__0)s, %(name__0)s, %(institution__0)s, %(account_number__0)s, %(currency__0)s, %(ac ... 252 characters truncated ... d__1)s, now(), now()) RETURNING bank_accounts.created_at, bank_accounts.updated_at, bank_accounts.id
2025-10-24 06:54:55,422 INFO sqlalchemy.engine.Engine [generated in 0.00021s (insertmanyvalues) 1/1 (ordered)] {'id__0': 'ccf49881-fde6-462e-92fa-640f4b305a32', 'account_number__0': 'ACC000001', 'name__0': 'Operating Account', 'branch_id__0': '4c142b60-9b31-4681-8508-de78a6405c85', 'account_type__0': 'CHECKING', 'institution__0': 'Test Bank', 'accounting_code_id__0': 'cbd2cbad-c5a2-4615-aa44-eda12668c3fa', 'currency__0': 'USD', 'balance__0': Decimal('10000.00'), 'id__1': '39014020-4498-457a-af52-a6396de3defc', 'account_number__1': 'ACC000002', 'name__1': 'Savings Account', 'branch_id__1': '4c142b60-9b31-4681-8508-de78a6405c85', 'account_type__1': 'SAVINGS', 'institution__1': 'Test Bank', 'accounting_code_id__1': 'cbd2cbad-c5a2-4615-aa44-eda12668c3fa', 'currency__1': 'USD', 'balance__1': Decimal('10000.00')}
2025-10-24 06:54:55,429 INFO sqlalchemy.engine.Engine COMMIT
2025-10-24 06:54:55,433 INFO sqlalchemy.engine.Engine BEGIN (implicit)
2025-10-24 06:54:55,443 INFO sqlalchemy.engine.Engine SELECT bank_accounts.id AS bank_accounts_id, bank_accounts.name AS bank_accounts_name, bank_accounts.institution AS bank_accounts_institution, bank_accounts.account_number AS bank_accounts_account_number, bank_accounts.currency AS bank_accounts_currency, bank_accounts.account_type AS bank_accounts_account_type, bank_accounts.balance AS bank_accounts_balance, bank_accounts.accounting_code_id AS bank_accounts_accounting_code_id, bank_accounts.branch_id AS bank_accounts_branch_id, bank_accounts.created_at AS bank_accounts_created_at, bank_accounts.updated_at AS bank_accounts_updated_at 
FROM bank_accounts 
WHERE bank_accounts.id = %(pk_1)s
2025-10-24 06:54:55,443 INFO sqlalchemy.engine.Engine [generated in 0.00026s] {'pk_1': 'ccf49881-fde6-462e-92fa-640f4b305a32'}
[INFO] 
================================================================================
[INFO] TEST 2: Record Bank Transactions with Dimensional Tracking
[INFO] ================================================================================
[INFO] Recorded transaction: Test Transaction 1 - 1000.00
[INFO] Recorded transaction: Test Transaction 2 - 2000.00
[INFO] Recorded transaction: Test Transaction 3 - 3000.00
2025-10-24 06:54:55,445 INFO sqlalchemy.engine.Engine INSERT INTO bank_transactions (id, bank_account_id, date, amount, description, transaction_type, reference, reconciled, accounting_entry_id, vat_amount, destination_bank_account_id, cost_center_id, project_id, department_id, gl_bank_account_id, posti ... 1481 characters truncated ... ), now()) RETURNING bank_transactions.created_at, bank_transactions.updated_at, bank_transactions.id
2025-10-24 06:54:55,445 INFO sqlalchemy.engine.Engine [generated in 0.00015s (insertmanyvalues) 1/1 (ordered)] {'vat_amount__0': 0.0, 'transaction_type__0': 'DEBIT', 'department_id__0': None, 'reconciled__0': False, 'destination_bank_account_id__0': None, 'cost_center_id__0': None, 'gl_bank_account_id__0': None, 'description__0': 'Test Transaction 1', 'project_id__0': None, 'posted_by__0': None, 'id__0': 'e4fbd33e-88a0-4af7-98b6-bab8741b3a7b', 'reconciliation_note__0': None, 'reference__0': 'REF-00001', 'reconciliation_status__0': 'unreconciled', 'accounting_entry_id__0': None, 'amount__0': Decimal('1000.00'), 'date__0': datetime.date(2025, 10, 24), 'posting_status__0': 'pending', 'last_posted_date__0': None, 'bank_account_id__0': 'ccf49881-fde6-462e-92fa-640f4b305a32', 'vat_amount__1': 0.0, 'transaction_type__1': 'CREDIT', 'department_id__1': None, 'reconciled__1': False, 'destination_bank_account_id__1': None, 'cost_center_id__1': None, 'gl_bank_account_id__1': None, 'description__1': 'Test Transaction 2', 'project_id__1': None, 'posted_by__1': None, 'id__1': 'a30a0241-3264-41e6-b4f0-1b42dc33a2fa', 'reconciliation_note__1': None, 'reference__1': 'REF-00002', 'reconciliation_status__1': 'unreconciled', 'accounting_entry_id__1': None, 'amount__1': Decimal('2000.00'), 'date__1': datetime.date(2025, 10, 23), 'posting_status__1': 'pending', 'last_posted_date__1': None, 'bank_account_id__1': 'ccf49881-fde6-462e-92fa-640f4b305a32', 'vat_amount__2': 0.0, 'transaction_type__2': 'DEBIT', 'department_id__2': None, 'reconciled__2': False, 'destination_bank_account_id__2': None, 'cost_center_id__2': None, 'gl_bank_account_id__2': None, 'description__2': 'Test Transaction 3', 'project_id__2': None, 'posted_by__2': None, 'id__2': 'cae6d6ef-cbaf-40f1-a0ab-6f3d9e6437c6', 'reconciliation_note__2': None, 'reference__2': 'REF-00003', 'reconciliation_status__2': 'unreconciled', 'accounting_entry_id__2': None, 'amount__2': Decimal('3000.00'), 'date__2': datetime.date(2025, 10, 22), 'posting_status__2': 'pending', 'last_posted_date__2': None, 'bank_account_id__2': 'ccf49881-fde6-462e-92fa-640f4b305a32'}
2025-10-24 06:54:55,445 INFO sqlalchemy.engine.Engine COMMIT
[INFO] Transactions recorded successfully
[INFO] 
================================================================================
[INFO] TEST 3: Cash Position Calculation by Dimension
[INFO] ================================================================================
2025-10-24 06:54:55,463 INFO sqlalchemy.engine.Engine BEGIN (implicit)
2025-10-24 06:54:55,463 INFO sqlalchemy.engine.Engine SELECT bank_transactions.id AS bank_transactions_id, bank_transactions.bank_account_id AS bank_transactions_bank_account_id, bank_transactions.date AS bank_transactions_date, bank_transactions.amount AS bank_transactions_amount, bank_transactions.description AS bank_transactions_description, bank_transactions.transaction_type AS bank_transactions_transaction_type, bank_transactions.reference AS bank_transactions_reference, bank_transactions.reconciled AS bank_transactions_reconciled, bank_transactions.accounting_entry_id AS bank_transactions_accounting_entry_id, bank_transactions.vat_amount AS bank_transactions_vat_amount, bank_transactions.destination_bank_account_id AS bank_transactions_destination_bank_account_id, bank_transactions.cost_center_id AS bank_transactions_cost_center_id, bank_transactions.project_id AS bank_transactions_project_id, bank_transactions.department_id AS bank_transactions_department_id, bank_transactions.gl_bank_account_id AS bank_transactions_gl_bank_account_id, bank_transactions.posting_status AS bank_transactions_posting_status, bank_transactions.posted_by AS bank_transactions_posted_by, bank_transactions.last_posted_date AS bank_transactions_last_posted_date, bank_transactions.reconciliation_status AS bank_transactions_reconciliation_status, bank_transactions.reconciliation_note AS bank_transactions_reconciliation_note, bank_transactions.created_at AS bank_transactions_created_at, bank_transactions.updated_at AS bank_transactions_updated_at 
FROM bank_transactions 
WHERE bank_transactions.id = %(pk_1)s
2025-10-24 06:54:55,463 INFO sqlalchemy.engine.Engine [generated in 0.00021s] {'pk_1': 'e4fbd33e-88a0-4af7-98b6-bab8741b3a7b'}
2025-10-24 06:54:55,463 INFO sqlalchemy.engine.Engine SELECT bank_transactions.id AS bank_transactions_id, bank_transactions.bank_account_id AS bank_transactions_bank_account_id, bank_transactions.date AS bank_transactions_date, bank_transactions.amount AS bank_transactions_amount, bank_transactions.description AS bank_transactions_description, bank_transactions.transaction_type AS bank_transactions_transaction_type, bank_transactions.reference AS bank_transactions_reference, bank_transactions.reconciled AS bank_transactions_reconciled, bank_transactions.accounting_entry_id AS bank_transactions_accounting_entry_id, bank_transactions.vat_amount AS bank_transactions_vat_amount, bank_transactions.destination_bank_account_id AS bank_transactions_destination_bank_account_id, bank_transactions.cost_center_id AS bank_transactions_cost_center_id, bank_transactions.project_id AS bank_transactions_project_id, bank_transactions.department_id AS bank_transactions_department_id, bank_transactions.gl_bank_account_id AS bank_transactions_gl_bank_account_id, bank_transactions.posting_status AS bank_transactions_posting_status, bank_transactions.posted_by AS bank_transactions_posted_by, bank_transactions.last_posted_date AS bank_transactions_last_posted_date, bank_transactions.reconciliation_status AS bank_transactions_reconciliation_status, bank_transactions.reconciliation_note AS bank_transactions_reconciliation_note, bank_transactions.created_at AS bank_transactions_created_at, bank_transactions.updated_at AS bank_transactions_updated_at 
FROM bank_transactions 
WHERE bank_transactions.id = %(pk_1)s
2025-10-24 06:54:55,463 INFO sqlalchemy.engine.Engine [cached since 0.002818s ago] {'pk_1': 'a30a0241-3264-41e6-b4f0-1b42dc33a2fa'}
2025-10-24 06:54:55,463 INFO sqlalchemy.engine.Engine SELECT bank_transactions.id AS bank_transactions_id, bank_transactions.bank_account_id AS bank_transactions_bank_account_id, bank_transactions.date AS bank_transactions_date, bank_transactions.amount AS bank_transactions_amount, bank_transactions.description AS bank_transactions_description, bank_transactions.transaction_type AS bank_transactions_transaction_type, bank_transactions.reference AS bank_transactions_reference, bank_transactions.reconciled AS bank_transactions_reconciled, bank_transactions.accounting_entry_id AS bank_transactions_accounting_entry_id, bank_transactions.vat_amount AS bank_transactions_vat_amount, bank_transactions.destination_bank_account_id AS bank_transactions_destination_bank_account_id, bank_transactions.cost_center_id AS bank_transactions_cost_center_id, bank_transactions.project_id AS bank_transactions_project_id, bank_transactions.department_id AS bank_transactions_department_id, bank_transactions.gl_bank_account_id AS bank_transactions_gl_bank_account_id, bank_transactions.posting_status AS bank_transactions_posting_status, bank_transactions.posted_by AS bank_transactions_posted_by, bank_transactions.last_posted_date AS bank_transactions_last_posted_date, bank_transactions.reconciliation_status AS bank_transactions_reconciliation_status, bank_transactions.reconciliation_note AS bank_transactions_reconciliation_note, bank_transactions.created_at AS bank_transactions_created_at, bank_transactions.updated_at AS bank_transactions_updated_at 
FROM bank_transactions 
WHERE bank_transactions.id = %(pk_1)s
2025-10-24 06:54:55,463 INFO sqlalchemy.engine.Engine [cached since 0.004719s ago] {'pk_1': 'cae6d6ef-cbaf-40f1-a0ab-6f3d9e6437c6'}
[INFO] Total transactions: 6000.00
[INFO] 
================================================================================
[INFO] TEST 4: Bank Reconciliation Item Creation
[INFO] ================================================================================
2025-10-24 06:54:55,472 INFO sqlalchemy.engine.Engine SELECT bank_accounts.id AS bank_accounts_id, bank_accounts.name AS bank_accounts_name, bank_accounts.institution AS bank_accounts_institution, bank_accounts.account_number AS bank_accounts_account_number, bank_accounts.currency AS bank_accounts_currency, bank_accounts.account_type AS bank_accounts_account_type, bank_accounts.balance AS bank_accounts_balance, bank_accounts.accounting_code_id AS bank_accounts_accounting_code_id, bank_accounts.branch_id AS bank_accounts_branch_id, bank_accounts.created_at AS bank_accounts_created_at, bank_accounts.updated_at AS bank_accounts_updated_at 
FROM bank_accounts 
WHERE bank_accounts.id = %(pk_1)s
2025-10-24 06:54:55,472 INFO sqlalchemy.engine.Engine [cached since 0.0298s ago] {'pk_1': 'ccf49881-fde6-462e-92fa-640f4b305a32'}
2025-10-24 06:54:55,477 INFO sqlalchemy.engine.Engine INSERT INTO bank_reconciliations (id, bank_account_id, statement_date, statement_balance, book_balance, difference, status, statement_reference, notes, meta_data, started_at, completed_at, reconciled_at, dimensional_accuracy, dimension_variance_detail, has_dimensional_mismatch, variance_cost_centers, gl_balance_by_dimension, bank_statement_by_dimension, variance_amount, created_at, updated_at) VALUES (%(id)s, %(bank_account_id)s, %(statement_date)s, %(statement_balance)s, %(book_balance)s, %(difference)s, %(status)s, %(statement_reference)s, %(notes)s, %(meta_data)s, %(started_at)s, %(completed_at)s, %(reconciled_at)s, %(dimensional_accuracy)s, %(dimension_variance_detail)s, %(has_dimensional_mismatch)s, %(variance_cost_centers)s, %(gl_balance_by_dimension)s, %(bank_statement_by_dimension)s, %(variance_amount)s, now(), now()) RETURNING bank_reconciliations.created_at, bank_reconciliations.updated_at
2025-10-24 06:54:55,477 INFO sqlalchemy.engine.Engine [generated in 0.00041s] {'id': 'b147e5e1-e269-4abc-bf7f-215bd7967764', 'bank_account_id': 'ccf49881-fde6-462e-92fa-640f4b305a32', 'statement_date': datetime.date(2025, 10, 24), 'statement_balance': Decimal('15000.00'), 'book_balance': Decimal('15000.00'), 'difference': Decimal('0.00'), 'status': 'draft', 'statement_reference': None, 'notes': None, 'meta_data': '{}', 'started_at': None, 'completed_at': None, 'reconciled_at': None, 'dimensional_accuracy': True, 'dimension_variance_detail': None, 'has_dimensional_mismatch': False, 'variance_cost_centers': None, 'gl_balance_by_dimension': None, 'bank_statement_by_dimension': None, 'variance_amount': 0.0}
[INFO] Created reconciliation item for: Test Transaction 1
[INFO] Created reconciliation item for: Test Transaction 2
[INFO] Created reconciliation item for: Test Transaction 3
2025-10-24 06:54:55,477 INFO sqlalchemy.engine.Engine INSERT INTO reconciliation_items (id, bank_reconciliation_id, bank_transaction_id, statement_description, statement_amount, statement_date, statement_reference, book_amount, book_date, book_description, book_reference, matched, matched_at, difference ... 1340 characters truncated ...  RETURNING reconciliation_items.created_at, reconciliation_items.updated_at, reconciliation_items.id
2025-10-24 06:54:55,477 INFO sqlalchemy.engine.Engine [generated in 0.00018s (insertmanyvalues) 1/1 (ordered)] {'vat_amount__0': 0.0, 'fee_amount__0': 0.0, 'book_reference__0': None, 'statement_date__0': datetime.date(2025, 10, 24), 'matched__0': True, 'matched_at__0': datetime.datetime(2025, 10, 24, 6, 54, 55, 477007), 'statement_amount__0': Decimal('1000.00'), 'statement_description__0': 'Test Transaction 1', 'id__0': '4b6169a0-fcf6-4b9c-bd02-659aa3f146e4', 'notes__0': None, 'statement_reference__0': None, 'difference__0': 0.0, 'bank_reconciliation_id__0': 'b147e5e1-e269-4abc-bf7f-215bd7967764', 'bank_transaction_id__0': 'e4fbd33e-88a0-4af7-98b6-bab8741b3a7b', 'book_amount__0': Decimal('1000.00'), 'meta_data__0': '{}', 'book_description__0': None, 'vat_rate__0': None, 'book_date__0': datetime.date(2025, 10, 24), 'vat_amount__1': 0.0, 'fee_amount__1': 0.0, 'book_reference__1': None, 'statement_date__1': datetime.date(2025, 10, 23), 'matched__1': True, 'matched_at__1': datetime.datetime(2025, 10, 24, 6, 54, 55, 477007), 'statement_amount__1': Decimal('2000.00'), 'statement_description__1': 'Test Transaction 2', 'id__1': '90fe69dd-5456-4879-94b6-e5652bd66e1c', 'notes__1': None, 'statement_reference__1': None, 'difference__1': 0.0, 'bank_reconciliation_id__1': 'b147e5e1-e269-4abc-bf7f-215bd7967764', 'bank_transaction_id__1': 'a30a0241-3264-41e6-b4f0-1b42dc33a2fa', 'book_amount__1': Decimal('2000.00'), 'meta_data__1': '{}', 'book_description__1': None, 'vat_rate__1': None, 'book_date__1': datetime.date(2025, 10, 23), 'vat_amount__2': 0.0, 'fee_amount__2': 0.0, 'book_reference__2': None, 'statement_date__2': datetime.date(2025, 10, 22), 'matched__2': True, 'matched_at__2': datetime.datetime(2025, 10, 24, 6, 54, 55, 477007), 'statement_amount__2': Decimal('3000.00'), 'statement_description__2': 'Test Transaction 3', 'id__2': '03948cb9-cfca-4b6a-9537-03b531f5c756', 'notes__2': None, 'statement_reference__2': None, 'difference__2': 0.0, 'bank_reconciliation_id__2': 'b147e5e1-e269-4abc-bf7f-215bd7967764', 'bank_transaction_id__2': 'cae6d6ef-cbaf-40f1-a0ab-6f3d9e6437c6', 'book_amount__2': Decimal('3000.00'), 'meta_data__2': '{}', 'book_description__2': None, 'vat_rate__2': None, 'book_date__2': datetime.date(2025, 10, 22)}
2025-10-24 06:54:55,483 INFO sqlalchemy.engine.Engine COMMIT
2025-10-24 06:54:55,492 INFO sqlalchemy.engine.Engine BEGIN (implicit)
2025-10-24 06:54:55,492 INFO sqlalchemy.engine.Engine SELECT bank_reconciliations.id AS bank_reconciliations_id, bank_reconciliations.bank_account_id AS bank_reconciliations_bank_account_id, bank_reconciliations.statement_date AS bank_reconciliations_statement_date, bank_reconciliations.statement_balance AS bank_reconciliations_statement_balance, bank_reconciliations.book_balance AS bank_reconciliations_book_balance, bank_reconciliations.difference AS bank_reconciliations_difference, bank_reconciliations.status AS bank_reconciliations_status, bank_reconciliations.statement_reference AS bank_reconciliations_statement_reference, bank_reconciliations.notes AS bank_reconciliations_notes, bank_reconciliations.meta_data AS bank_reconciliations_meta_data, bank_reconciliations.started_at AS bank_reconciliations_started_at, bank_reconciliations.completed_at AS bank_reconciliations_completed_at, bank_reconciliations.reconciled_at AS bank_reconciliations_reconciled_at, bank_reconciliations.dimensional_accuracy AS bank_reconciliations_dimensional_accuracy, bank_reconciliations.dimension_variance_detail AS bank_reconciliations_dimension_variance_detail, bank_reconciliations.has_dimensional_mismatch AS bank_reconciliations_has_dimensional_mismatch, bank_reconciliations.variance_cost_centers AS bank_reconciliations_variance_cost_centers, bank_reconciliations.gl_balance_by_dimension AS bank_reconciliations_gl_balance_by_dimension, bank_reconciliations.bank_statement_by_dimension AS bank_reconciliations_bank_statement_by_dimension, bank_reconciliations.variance_amount AS bank_reconciliations_variance_amount, bank_reconciliations.created_at AS bank_reconciliations_created_at, bank_reconciliations.updated_at AS bank_reconciliations_updated_at 
FROM bank_reconciliations 
WHERE bank_reconciliations.id = %(pk_1)s
2025-10-24 06:54:55,492 INFO sqlalchemy.engine.Engine [generated in 0.00021s] {'pk_1': 'b147e5e1-e269-4abc-bf7f-215bd7967764'}
[INFO] 
================================================================================
[INFO] TEST 5: Dimensional Accuracy Verification
[INFO] ================================================================================
2025-10-24 06:54:55,492 INFO sqlalchemy.engine.Engine SELECT bank_transactions.id AS bank_transactions_id, bank_transactions.bank_account_id AS bank_transactions_bank_account_id, bank_transactions.date AS bank_transactions_date, bank_transactions.amount AS bank_transactions_amount, bank_transactions.description AS bank_transactions_description, bank_transactions.transaction_type AS bank_transactions_transaction_type, bank_transactions.reference AS bank_transactions_reference, bank_transactions.reconciled AS bank_transactions_reconciled, bank_transactions.accounting_entry_id AS bank_transactions_accounting_entry_id, bank_transactions.vat_amount AS bank_transactions_vat_amount, bank_transactions.destination_bank_account_id AS bank_transactions_destination_bank_account_id, bank_transactions.cost_center_id AS bank_transactions_cost_center_id, bank_transactions.project_id AS bank_transactions_project_id, bank_transactions.department_id AS bank_transactions_department_id, bank_transactions.gl_bank_account_id AS bank_transactions_gl_bank_account_id, bank_transactions.posting_status AS bank_transactions_posting_status, bank_transactions.posted_by AS bank_transactions_posted_by, bank_transactions.last_posted_date AS bank_transactions_last_posted_date, bank_transactions.reconciliation_status AS bank_transactions_reconciliation_status, bank_transactions.reconciliation_note AS bank_transactions_reconciliation_note, bank_transactions.created_at AS bank_transactions_created_at, bank_transactions.updated_at AS bank_transactions_updated_at 
FROM bank_transactions 
WHERE bank_transactions.id = %(pk_1)s
2025-10-24 06:54:55,492 INFO sqlalchemy.engine.Engine [cached since 0.03453s ago] {'pk_1': 'e4fbd33e-88a0-4af7-98b6-bab8741b3a7b'}
2025-10-24 06:54:55,492 INFO sqlalchemy.engine.Engine SELECT bank_transactions.id AS bank_transactions_id, bank_transactions.bank_account_id AS bank_transactions_bank_account_id, bank_transactions.date AS bank_transactions_date, bank_transactions.amount AS bank_transactions_amount, bank_transactions.description AS bank_transactions_description, bank_transactions.transaction_type AS bank_transactions_transaction_type, bank_transactions.reference AS bank_transactions_reference, bank_transactions.reconciled AS bank_transactions_reconciled, bank_transactions.accounting_entry_id AS bank_transactions_accounting_entry_id, bank_transactions.vat_amount AS bank_transactions_vat_amount, bank_transactions.destination_bank_account_id AS bank_transactions_destination_bank_account_id, bank_transactions.cost_center_id AS bank_transactions_cost_center_id, bank_transactions.project_id AS bank_transactions_project_id, bank_transactions.department_id AS bank_transactions_department_id, bank_transactions.gl_bank_account_id AS bank_transactions_gl_bank_account_id, bank_transactions.posting_status AS bank_transactions_posting_status, bank_transactions.posted_by AS bank_transactions_posted_by, bank_transactions.last_posted_date AS bank_transactions_last_posted_date, bank_transactions.reconciliation_status AS bank_transactions_reconciliation_status, bank_transactions.reconciliation_note AS bank_transactions_reconciliation_note, bank_transactions.created_at AS bank_transactions_created_at, bank_transactions.updated_at AS bank_transactions_updated_at 
FROM bank_transactions 
WHERE bank_transactions.id = %(pk_1)s
2025-10-24 06:54:55,492 INFO sqlalchemy.engine.Engine [cached since 0.03615s ago] {'pk_1': 'a30a0241-3264-41e6-b4f0-1b42dc33a2fa'}
2025-10-24 06:54:55,502 INFO sqlalchemy.engine.Engine SELECT bank_transactions.id AS bank_transactions_id, bank_transactions.bank_account_id AS bank_transactions_bank_account_id, bank_transactions.date AS bank_transactions_date, bank_transactions.amount AS bank_transactions_amount, bank_transactions.description AS bank_transactions_description, bank_transactions.transaction_type AS bank_transactions_transaction_type, bank_transactions.reference AS bank_transactions_reference, bank_transactions.reconciled AS bank_transactions_reconciled, bank_transactions.accounting_entry_id AS bank_transactions_accounting_entry_id, bank_transactions.vat_amount AS bank_transactions_vat_amount, bank_transactions.destination_bank_account_id AS bank_transactions_destination_bank_account_id, bank_transactions.cost_center_id AS bank_transactions_cost_center_id, bank_transactions.project_id AS bank_transactions_project_id, bank_transactions.department_id AS bank_transactions_department_id, bank_transactions.gl_bank_account_id AS bank_transactions_gl_bank_account_id, bank_transactions.posting_status AS bank_transactions_posting_status, bank_transactions.posted_by AS bank_transactions_posted_by, bank_transactions.last_posted_date AS bank_transactions_last_posted_date, bank_transactions.reconciliation_status AS bank_transactions_reconciliation_status, bank_transactions.reconciliation_note AS bank_transactions_reconciliation_note, bank_transactions.created_at AS bank_transactions_created_at, bank_transactions.updated_at AS bank_transactions_updated_at 
FROM bank_transactions 
WHERE bank_transactions.id = %(pk_1)s
2025-10-24 06:54:55,502 INFO sqlalchemy.engine.Engine [cached since 0.03816s ago] {'pk_1': 'cae6d6ef-cbaf-40f1-a0ab-6f3d9e6437c6'}
[INFO] Transactions with dimensions: 0/3
[ERROR] FAIL: Some transactions have dimensional data
2025-10-24 06:54:55,502 INFO sqlalchemy.engine.Engine COMMIT
[INFO] Reconciliation marked as dimensionally accurate
[INFO] 
================================================================================
[INFO] TEST 6: API Endpoints Health Check
[INFO] ================================================================================
[INFO] GET /api/v1/banking/transactions -> 200
[INFO] GET /api/v1/banking/reconciliations -> 200
[INFO] 
================================================================================
[INFO] TEST 7: Performance Testing (Target: < 500ms)
[INFO] ================================================================================
[ERROR] FAIL: Endpoint /api/v1/banking/transactions averages < 500ms (actual: 2077.20ms)
[INFO] /api/v1/banking/transactions: avg=2077.20ms, min=2061.48ms, max=2095.44ms
[ERROR] FAIL: Endpoint /api/v1/banking/reconciliations averages < 500ms (actual: 2085.43ms)
[INFO] /api/v1/banking/reconciliations: avg=2085.43ms, min=2051.25ms, max=2103.15ms
[INFO] 
================================================================================
[INFO] INTEGRATION TEST SUMMARY
[INFO] ================================================================================
[INFO] Total Tests:    11
[INFO] Passed:         8 [PASS]
[INFO] Failed:         3 [FAIL]
[INFO] Pass Rate:      72.7%
[INFO] 
3 TEST(S) FAILED - Review logs above for details
[INFO] 
Completed: 2025-10-24T06:55:12.499227
[INFO] ================================================================================

